{
    "name": "john doe",
    "password": "test", 
    "role": "user"
}