{
  "user_name": "kokoichi0206",
  "passward": "test_bad_pw"
}
