{
  "user_name": "kokoichi0206",
  "password": "test_pw"
}
